// Jest Snapshot v1, https://goo.gl/fbAQLP

exports[`<ProductDetail /> should render the component 1`] = `
<DocumentFragment>
  <div
    class="MuiBox-root css-xuhmcu"
  >
    <div
      class="MuiGrid-root MuiGrid-container MuiGrid-spacing-xs-4 MuiGrid-spacing-md-3 css-1rs5ils-MuiGrid-root"
    >
      <div
        class="MuiGrid-root MuiGrid-item MuiGrid-grid-xs-1 MuiGrid-grid-sm-2 css-1e4fi12-MuiGrid-root"
      >
        <img
          class="MuiBox-root css-1y2a96z"
        />
      </div>
      <div
        class="MuiGrid-root MuiGrid-item MuiGrid-grid-xs-1 MuiGrid-grid-sm-2 css-wdtwov-MuiGrid-root"
      >
        <div
          class="MuiBox-root css-0"
        />
        <h1
          class="MuiTypography-root MuiTypography-h1 css-28f9h8-MuiTypography-root"
        />
        <div
          class="MuiBox-root css-glidez"
        >
          <span
            class="MuiTypography-root MuiTypography-body1 css-1l14lsq-MuiTypography-root"
          />
          <span
            aria-label="NaN Stars"
            class="MuiRating-root MuiRating-sizeMedium Mui-readOnly MuiRating-readOnly css-15befwp-MuiRating-root"
            role="img"
          >
            <span>
              <span
                class="MuiRating-icon MuiRating-iconEmpty css-1c99szj-MuiRating-icon"
              >
                <svg
                  aria-hidden="true"
                  class="MuiSvgIcon-root MuiSvgIcon-fontSizeInherit css-1vooibu-MuiSvgIcon-root"
                  data-testid="StarBorderIcon"
                  focusable="false"
                  viewBox="0 0 24 24"
                >
                  <path
                    d="M22 9.24l-7.19-.62L12 2 9.19 8.63 2 9.24l5.46 4.73L5.82 21 12 17.27 18.18 21l-1.63-7.03L22 9.24zM12 15.4l-3.76 2.27 1-4.28-3.32-2.88 4.38-.38L12 6.1l1.71 4.04 4.38.38-3.32 2.88 1 4.28L12 15.4z"
                  />
                </svg>
              </span>
            </span>
            <span>
              <span
                class="MuiRating-icon MuiRating-iconEmpty css-1c99szj-MuiRating-icon"
              >
                <svg
                  aria-hidden="true"
                  class="MuiSvgIcon-root MuiSvgIcon-fontSizeInherit css-1vooibu-MuiSvgIcon-root"
                  data-testid="StarBorderIcon"
                  focusable="false"
                  viewBox="0 0 24 24"
                >
                  <path
                    d="M22 9.24l-7.19-.62L12 2 9.19 8.63 2 9.24l5.46 4.73L5.82 21 12 17.27 18.18 21l-1.63-7.03L22 9.24zM12 15.4l-3.76 2.27 1-4.28-3.32-2.88 4.38-.38L12 6.1l1.71 4.04 4.38.38-3.32 2.88 1 4.28L12 15.4z"
                  />
                </svg>
              </span>
            </span>
            <span>
              <span
                class="MuiRating-icon MuiRating-iconEmpty css-1c99szj-MuiRating-icon"
              >
                <svg
                  aria-hidden="true"
                  class="MuiSvgIcon-root MuiSvgIcon-fontSizeInherit css-1vooibu-MuiSvgIcon-root"
                  data-testid="StarBorderIcon"
                  focusable="false"
                  viewBox="0 0 24 24"
                >
                  <path
                    d="M22 9.24l-7.19-.62L12 2 9.19 8.63 2 9.24l5.46 4.73L5.82 21 12 17.27 18.18 21l-1.63-7.03L22 9.24zM12 15.4l-3.76 2.27 1-4.28-3.32-2.88 4.38-.38L12 6.1l1.71 4.04 4.38.38-3.32 2.88 1 4.28L12 15.4z"
                  />
                </svg>
              </span>
            </span>
            <span>
              <span
                class="MuiRating-icon MuiRating-iconEmpty css-1c99szj-MuiRating-icon"
              >
                <svg
                  aria-hidden="true"
                  class="MuiSvgIcon-root MuiSvgIcon-fontSizeInherit css-1vooibu-MuiSvgIcon-root"
                  data-testid="StarBorderIcon"
                  focusable="false"
                  viewBox="0 0 24 24"
                >
                  <path
                    d="M22 9.24l-7.19-.62L12 2 9.19 8.63 2 9.24l5.46 4.73L5.82 21 12 17.27 18.18 21l-1.63-7.03L22 9.24zM12 15.4l-3.76 2.27 1-4.28-3.32-2.88 4.38-.38L12 6.1l1.71 4.04 4.38.38-3.32 2.88 1 4.28L12 15.4z"
                  />
                </svg>
              </span>
            </span>
            <span>
              <span
                class="MuiRating-icon MuiRating-iconEmpty css-1c99szj-MuiRating-icon"
              >
                <svg
                  aria-hidden="true"
                  class="MuiSvgIcon-root MuiSvgIcon-fontSizeInherit css-1vooibu-MuiSvgIcon-root"
                  data-testid="StarBorderIcon"
                  focusable="false"
                  viewBox="0 0 24 24"
                >
                  <path
                    d="M22 9.24l-7.19-.62L12 2 9.19 8.63 2 9.24l5.46 4.73L5.82 21 12 17.27 18.18 21l-1.63-7.03L22 9.24zM12 15.4l-3.76 2.27 1-4.28-3.32-2.88 4.38-.38L12 6.1l1.71 4.04 4.38.38-3.32 2.88 1 4.28L12 15.4z"
                  />
                </svg>
              </span>
            </span>
          </span>
          <span
            class="MuiTypography-root MuiTypography-body1 css-it9kvy-MuiTypography-root"
          >
             reviews
          </span>
        </div>
        <p
          class="MuiTypography-root MuiTypography-body1 css-dh0nom-MuiTypography-root"
        >
          £NaN
        </p>
        <div
          class="MuiBox-root css-1ol10sz"
        >
          <div
            class="MuiFormControl-root css-1869usk-MuiFormControl-root"
          >
            <div
              class="MuiInputBase-root MuiOutlinedInput-root MuiInputBase-colorPrimary MuiInputBase-formControl MuiInputBase-sizeSmall  css-1yk1gt9-MuiInputBase-root-MuiOutlinedInput-root-MuiSelect-root"
              data-test="quantity"
            >
              <div
                aria-controls=":r6:"
                aria-expanded="false"
                aria-haspopup="listbox"
                aria-labelledby="quantity"
                class="MuiSelect-select MuiSelect-outlined MuiInputBase-input MuiOutlinedInput-input MuiInputBase-inputSizeSmall css-jedpe8-MuiSelect-select-MuiInputBase-input-MuiOutlinedInput-input"
                id="quantity"
                role="combobox"
                tabindex="0"
              >
                1
              </div>
              <input
                aria-hidden="true"
                aria-invalid="false"
                class="MuiSelect-nativeInput css-yf8vq0-MuiSelect-nativeInput"
                tabindex="-1"
                value="1"
              />
              <svg
                aria-hidden="true"
                class="MuiSvgIcon-root MuiSvgIcon-fontSizeMedium MuiSelect-icon MuiSelect-iconOutlined css-hfutr2-MuiSvgIcon-root-MuiSelect-icon"
                data-testid="ArrowDropDownIcon"
                focusable="false"
                viewBox="0 0 24 24"
              >
                <path
                  d="M7 10l5 5 5-5z"
                />
              </svg>
              <fieldset
                aria-hidden="true"
                class="MuiOutlinedInput-notchedOutline css-1d3z3hw-MuiOutlinedInput-notchedOutline"
              >
                <legend
                  class="css-ihdtdm"
                >
                  <span
                    class="notranslate"
                  >
                    ​
                  </span>
                </legend>
              </fieldset>
            </div>
          </div>
          <button
            class="MuiButtonBase-root MuiButton-root MuiButton-contained MuiButton-containedPrimary MuiButton-sizeMedium MuiButton-containedSizeMedium MuiButton-colorPrimary MuiButton-disableElevation MuiButton-root MuiButton-contained MuiButton-containedPrimary MuiButton-sizeMedium MuiButton-containedSizeMedium MuiButton-colorPrimary MuiButton-disableElevation css-1hx2tqu-MuiButtonBase-root-MuiButton-root"
            tabindex="0"
            type="button"
          >
            Add to Cart
            <span
              class="MuiTouchRipple-root css-8je8zh-MuiTouchRipple-root"
            />
          </button>
        </div>
        <hr
          class="MuiDivider-root MuiDivider-fullWidth css-9mgopn-MuiDivider-root"
        />
        <p
          class="MuiTypography-root MuiTypography-body1 css-1py8l59-MuiTypography-root"
        />
      </div>
    </div>
  </div>
</DocumentFragment>
`;
